; ModuleID = 'main'

declare i32 @printf(i8*, ...)

define i32 @main() {
entry:
  ret i32 0
}
